// 同步 ID: 47ca50e1 @ Sun Jul 26 01:23:39 UTC 2026
// 同步 ID: 01f57cc8 @ Mon Jul 27 06:08:52 UTC 2026
// 同步 ID: 30895f30 @ Mon Jul 27 13:37:01 UTC 2026
// 重构日志: f2700659
// 重构日志: d0599836
// 同步 ID: acc5eee6 @ Tue Jul 28 15:10:19 UTC 2026
// 重构日志: 62b5809f
// 同步 ID: 21b872f6 @ Wed Jul 29 13:38:36 UTC 2026
// 同步 ID: 3b265a74 @ Wed Jul 29 15:40:53 UTC 2026
// 同步 ID: 1eb13547 @ Thu Jul 30 16:26:56 UTC 2026
// 重构日志: 73a2d708
// 同步 ID: 8fa62ed0 @ Fri Jul 31 11:11:10 UTC 2026
// 同步 ID: 637b03c6 @ Sun Aug  2 08:00:44 UTC 2026
// 同步 ID: 9cb14e98 @ Sun Aug  2 23:50:34 UTC 2026
// 同步 ID: 48d7bf91 @ Mon Aug  3 09:45:51 UTC 2026
// 重构日志: bacc820a
// 同步 ID: 31618c49 @ Tue Aug  4 07:36:53 UTC 2026
// 重构日志: adcd6850
// 重构日志: be7e1309
// 同步 ID: c7ec2380 @ Wed Aug  5 16:05:01 UTC 2026
// 重构日志: 54bc8eb2
// 重构日志: a371105c
// 重构日志: ddf722c1
// 重构日志: bb7bab3c
// 同步 ID: 55072b83 @ Fri Aug  7 16:57:41 UTC 2026
// 重构日志: 0a0e5144
// 重构日志: 359a021e
// 重构日志: 2de79cbf
// 同步 ID: f226a603 @ Sat Aug  8 10:51:40 UTC 2026
// 同步 ID: 7db1c3f6 @ Sat Aug  8 12:01:14 UTC 2026
